------------------------------------------------------------
Timing Analyzer Summary
------------------------------------------------------------

Type  : Slow 1100mV 100C Model Setup 'fpga_clk'
Slack : -7.867
TNS   : -177.633

Type  : Slow 1100mV 100C Model Setup 'dbnc_pi_clk'
Slack : -5.114
TNS   : -165.981

Type  : Slow 1100mV 100C Model Hold 'fpga_clk'
Slack : 0.440
TNS   : 0.000

Type  : Slow 1100mV 100C Model Hold 'dbnc_pi_clk'
Slack : 0.766
TNS   : 0.000

Type  : Slow 1100mV 100C Model Recovery 'dbnc_pi_clk'
Slack : -2.678
TNS   : -113.724

Type  : Slow 1100mV 100C Model Removal 'dbnc_pi_clk'
Slack : 1.625
TNS   : 0.000

Type  : Slow 1100mV 100C Model Minimum Pulse Width 'fpga_clk'
Slack : -0.692
TNS   : -27.446

Type  : Slow 1100mV 100C Model Minimum Pulse Width 'slow_down_clock:slow|clk'
Slack : -0.543
TNS   : -4.285

Type  : Slow 1100mV 100C Model Minimum Pulse Width 'dbnc_pi_clk'
Slack : -0.538
TNS   : -34.579

Type  : Slow 1100mV -40C Model Setup 'fpga_clk'
Slack : -8.215
TNS   : -181.316

Type  : Slow 1100mV -40C Model Setup 'dbnc_pi_clk'
Slack : -5.186
TNS   : -159.944

Type  : Slow 1100mV -40C Model Hold 'fpga_clk'
Slack : 0.459
TNS   : 0.000

Type  : Slow 1100mV -40C Model Hold 'dbnc_pi_clk'
Slack : 0.770
TNS   : 0.000

Type  : Slow 1100mV -40C Model Recovery 'dbnc_pi_clk'
Slack : -2.427
TNS   : -103.013

Type  : Slow 1100mV -40C Model Removal 'dbnc_pi_clk'
Slack : 1.476
TNS   : 0.000

Type  : Slow 1100mV -40C Model Minimum Pulse Width 'fpga_clk'
Slack : -0.699
TNS   : -26.088

Type  : Slow 1100mV -40C Model Minimum Pulse Width 'slow_down_clock:slow|clk'
Slack : -0.547
TNS   : -4.286

Type  : Slow 1100mV -40C Model Minimum Pulse Width 'dbnc_pi_clk'
Slack : -0.538
TNS   : -34.240

Type  : Fast 1100mV 100C Model Setup 'fpga_clk'
Slack : -3.914
TNS   : -72.152

Type  : Fast 1100mV 100C Model Setup 'dbnc_pi_clk'
Slack : -2.366
TNS   : -78.436

Type  : Fast 1100mV 100C Model Hold 'fpga_clk'
Slack : 0.205
TNS   : 0.000

Type  : Fast 1100mV 100C Model Hold 'dbnc_pi_clk'
Slack : 0.324
TNS   : 0.000

Type  : Fast 1100mV 100C Model Recovery 'dbnc_pi_clk'
Slack : -1.220
TNS   : -50.008

Type  : Fast 1100mV 100C Model Removal 'dbnc_pi_clk'
Slack : 0.708
TNS   : 0.000

Type  : Fast 1100mV 100C Model Minimum Pulse Width 'fpga_clk'
Slack : -0.724
TNS   : -14.770

Type  : Fast 1100mV 100C Model Minimum Pulse Width 'slow_down_clock:slow|clk'
Slack : -0.168
TNS   : -0.645

Type  : Fast 1100mV 100C Model Minimum Pulse Width 'dbnc_pi_clk'
Slack : 0.118
TNS   : 0.000

Type  : Fast 1100mV -40C Model Setup 'fpga_clk'
Slack : -3.441
TNS   : -62.549

Type  : Fast 1100mV -40C Model Setup 'dbnc_pi_clk'
Slack : -1.958
TNS   : -61.769

Type  : Fast 1100mV -40C Model Hold 'fpga_clk'
Slack : 0.190
TNS   : 0.000

Type  : Fast 1100mV -40C Model Hold 'dbnc_pi_clk'
Slack : 0.277
TNS   : 0.000

Type  : Fast 1100mV -40C Model Recovery 'dbnc_pi_clk'
Slack : -0.892
TNS   : -36.285

Type  : Fast 1100mV -40C Model Removal 'dbnc_pi_clk'
Slack : 0.473
TNS   : 0.000

Type  : Fast 1100mV -40C Model Minimum Pulse Width 'fpga_clk'
Slack : -0.759
TNS   : -19.395

Type  : Fast 1100mV -40C Model Minimum Pulse Width 'slow_down_clock:slow|clk'
Slack : -0.124
TNS   : -0.466

Type  : Fast 1100mV -40C Model Minimum Pulse Width 'dbnc_pi_clk'
Slack : 0.133
TNS   : 0.000

------------------------------------------------------------
