------------------------------------------------------------
Timing Analyzer Summary
------------------------------------------------------------

Type  : Slow 1100mV 100C Model Setup 'pi_clk'
Slack : -1.099
TNS   : -26.780

Type  : Slow 1100mV 100C Model Hold 'pi_clk'
Slack : 0.413
TNS   : 0.000

Type  : Slow 1100mV 100C Model Minimum Pulse Width 'pi_clk'
Slack : -0.538
TNS   : -24.956

Type  : Slow 1100mV -40C Model Setup 'pi_clk'
Slack : -1.029
TNS   : -25.522

Type  : Slow 1100mV -40C Model Hold 'pi_clk'
Slack : 0.393
TNS   : 0.000

Type  : Slow 1100mV -40C Model Minimum Pulse Width 'pi_clk'
Slack : -0.538
TNS   : -23.559

Type  : Fast 1100mV 100C Model Setup 'pi_clk'
Slack : 0.001
TNS   : 0.000

Type  : Fast 1100mV 100C Model Hold 'pi_clk'
Slack : 0.198
TNS   : 0.000

Type  : Fast 1100mV 100C Model Minimum Pulse Width 'pi_clk'
Slack : -0.576
TNS   : -22.291

Type  : Fast 1100mV -40C Model Setup 'pi_clk'
Slack : 0.137
TNS   : 0.000

Type  : Fast 1100mV -40C Model Hold 'pi_clk'
Slack : 0.183
TNS   : 0.000

Type  : Fast 1100mV -40C Model Minimum Pulse Width 'pi_clk'
Slack : -0.615
TNS   : -24.932

------------------------------------------------------------
